[2026-05-03 19:45:57] ========== 服务器维护检查开始 ==========
[2026-05-03 19:45:57] 🔍 检查 FRP 服务...
[2026-05-03 19:45:57] ⚠️ FRP 有重复代理错误，尝试重启...
[2026-05-03 19:46:25] ✅ FRP 服务已修复并运行正常
[2026-05-03 19:46:25] 🔍 检查 Docker 服务...
[2026-05-03 19:46:25] ✅ Docker 服务运行正常
[2026-05-03 19:46:25] 🔍 检查大模型服务 (http://127.0.0.1:9234/models)...
[2026-05-03 19:46:25] ✅ 大模型服务正常，当前加载 3 个模型
[2026-05-03 19:46:25] ========== 服务器维护检查结束 ==========
[2026-05-03 23:00:37] ========== 服务器维护检查开始 ==========
[2026-05-03 23:00:37] 🔍 检查 FRP 服务...
[2026-05-03 23:00:37] ⚠️ FRP 有重复代理错误，尝试重启...
[2026-05-03 23:01:06] ✅ FRP 服务已修复并运行正常
[2026-05-03 23:01:06] 🔍 检查 Docker 服务...
[2026-05-03 23:01:06] ✅ Docker 服务运行正常
[2026-05-03 23:01:06] 🔍 检查大模型服务 (http://127.0.0.1:9234/models)...
[2026-05-03 23:01:06] ✅ 大模型服务正常，当前加载 3 个模型
[2026-05-03 23:01:06] ========== 服务器维护检查结束 ==========
[2026-05-04 07:00:16] ========== 服务器维护检查开始 ==========
[2026-05-04 07:00:16] 🔍 检查 FRP 服务...
[2026-05-04 07:00:16] ⚠️ FRP 有重复代理错误，尝试重启...
[2026-05-04 07:00:44] ✅ FRP 服务已修复并运行正常
[2026-05-04 07:00:44] 🔍 检查 Docker 服务...
[2026-05-04 07:00:44] ✅ Docker 服务运行正常
[2026-05-04 07:00:44] 🔍 检查大模型服务 (http://127.0.0.1:9234/models)...
[2026-05-04 07:00:44] ✅ 大模型服务正常，当前加载 3 个模型
[2026-05-04 07:00:44] ========== 服务器维护检查结束 ==========
[2026-05-04 15:00:14] ========== 服务器维护检查开始 ==========
[2026-05-04 15:00:14] 🔍 检查 FRP 服务...
[2026-05-04 15:00:14] ⚠️ FRP 有重复代理错误，尝试重启...
[2026-05-04 15:00:42] ✅ FRP 服务已修复并运行正常
[2026-05-04 15:00:42] 🔍 检查 Docker 服务...
[2026-05-04 15:00:42] ✅ Docker 服务运行正常
[2026-05-04 15:00:42] 🔍 检查大模型服务 (http://127.0.0.1:9234/models)...
[2026-05-04 15:00:43] ✅ 大模型服务正常，当前加载 3 个模型
[2026-05-04 15:00:43] ========== 服务器维护检查结束 ==========
[2026-05-04 20:23:33] ========== 服务器维护检查开始 ==========
[2026-05-04 20:23:33] 🔍 检查 FRP 服务...
[2026-05-04 20:23:33] ⚠️ FRP 有重复代理错误，尝试重启...
[2026-05-04 20:24:01] ✅ FRP 服务已修复并运行正常
[2026-05-04 20:24:01] 🔍 检查 Docker 服务...
[2026-05-04 20:24:01] ✅ Docker 服务运行正常
[2026-05-04 20:24:01] 🔍 检查大模型服务 (http://127.0.0.1:9234/models)...
[2026-05-04 20:24:01] ✅ 大模型服务正常，当前加载 3 个模型
[2026-05-04 20:24:01] ========== 服务器维护检查结束 ==========
